{5}
{5,{8}}
{5,{3},{8}}
{5,{3},{8,{10}}}
{8,{5},{10}}
{8,{5,{7}},{10}}
