{10}
{10,{2}}
{10,{2},{20}}
{10,{2},{20,{15}}}
{10,{2},{17,{15},{20}}}
{10,{2,{9}},{17,{15},{20}}}
{10,{2,{9}},{15,{20}}}
{9,{2},{15,{20}}}
