{50}
{50,{86}}
{70,{50},{86}}
{70,{50,{60}},{86}}
{70,{50,{60}},{86,{75}}}
{70,{50,{60}},{75,{73},{86}}}
{70,{55,{50},{60}},{75,{73},{86}}}
{60,{55,{50}},{75,{73},{86}}}
{60,{55,{50}},{73,{86}}}
