{2}
{2,{1}}
{2,{1},{7}}
{2,{1},{7,{6}}}
{2,{1},{6,{5},{7}}}
{6,{1,{5}},{7}}
{5,{1},{6}}
{5,{1,{4}},{6}}
