{41}
{41,{38}}
{38,{31},{41}}
{38,{31,{12}},{41}}
{38,{19,{12},{31}},{41}}
{38,{19,{12,{8}},{31}},{41}}
{38,{12,{8},{31}},{41}}
