{50}
{50,{25}}
{50,{25},{75}}
{50,{25,{15}},{75}}
{50,{15,{13},{25}},{75}}
{50,{15,{13,{10}},{25}},{75}}
{25,{13,{10},{15}},{75}}
{25,{13,{10},{15,{14}}},{75}}
{13,{10},{15,{14},{25}}}
