{16}
{16,{7}}
{7,{4},{16}}
{7,{4,{6}},{16}}
{7,{4,{6}},{16,{11}}}
{7,{4,{3},{6}},{16,{11}}}
{6,{4,{3}},{16,{11}}}
{4,{3},{16,{11}}}
{4,{3},{13,{11},{16}}}
