{13}
{13,{20}}
{13,{9},{20}}
{13,{9,{10}},{20}}
{10,{9},{13}}
{10,{9},{13,{16}}}
{10,{9},{13,{11},{16}}}
{10,{9},{13,{11,{12}},{16}}}
{10,{9},{12,{11},{13}}}
