{10}
{10,{5}}
{10,{5},{15}}
{10,{5},{15,{13}}}
{13,{10},{15}}
{13,{10},{15,{23}}}
{13,{10},{15,{14},{23}}}
{13,{10},{14,{23}}}
{13,{10},{23,{14},{25}}}
{13,{10},{23,{14},{25,{30}}}}
{13,{10},{23,{14},{30,{25},{40}}}}
{23,{13,{10},{14}},{30,{25},{40,{50}}}}
