{7}
{7,{3}}
{5,{3},{7}}
{5,{3},{7,{15}}}
{5,{3,{2}},{7,{15}}}
{3,{2},{7,{15}}}
{3,{2},{15,{7},{20}}}
{15,{3,{7}},{20}}
{15,{7,{3},{10}},{20}}
{15,{7,{3},{10,{13}}},{20}}
{15,{10,{3},{13}},{20}}
{10,{3},{15,{13}}}
